// Jest Snapshot v1, https://goo.gl/fbAQLP

exports[`component/ItemList should render correctly 1`] = `ShallowWrapper {}`;
