// Jest Snapshot v1, https://goo.gl/fbAQLP

exports[`component/Item/ModifyButton should render correctly 1`] = `ShallowWrapper {}`;

exports[`component/Item/ModifyButton should render correctly 2`] = `ShallowWrapper {}`;

exports[`component/Iutem/ModifyButton should render correctly 1`] = `ShallowWrapper {}`;
