// Jest Snapshot v1, https://goo.gl/fbAQLP

exports[`component/LoadingPage should render correctly 1`] = `ShallowWrapper {}`;
