// Jest Snapshot v1, https://goo.gl/fbAQLP

exports[`components/BaseFormModal should render correctly 1`] = `ShallowWrapper {}`;
