// Jest Snapshot v1, https://goo.gl/fbAQLP

exports[`components/BaseForm should render correctly 1`] = `ShallowWrapper {}`;
