// Jest Snapshot v1, https://goo.gl/fbAQLP

exports[`components/Modal/AddItemModal should render correctly 1`] = `ShallowWrapper {}`;

exports[`components/Modal/DeleteItemModal should render correctly 1`] = `ShallowWrapper {}`;
