// Jest Snapshot v1, https://goo.gl/fbAQLP

exports[`components/Common/DeleteItemModal should render correctly 1`] = `ShallowWrapper {}`;
