// Jest Snapshot v1, https://goo.gl/fbAQLP

exports[`components/Common/EditItemModal should render correctly 1`] = `ShallowWrapper {}`;
