// Jest Snapshot v1, https://goo.gl/fbAQLP

exports[`components/RegisterModal should render correctly 1`] = `ShallowWrapper {}`;
