// Jest Snapshot v1, https://goo.gl/fbAQLP

exports[`components/Modal/SignInModal should render correctly 1`] = `ShallowWrapper {}`;

exports[`components/SignInModal should render correctly 1`] = `ShallowWrapper {}`;
