// Jest Snapshot v1, https://goo.gl/fbAQLP

exports[`component/Common/CategoryList should render correctly 1`] = `ShallowWrapper {}`;
