// Jest Snapshot v1, https://goo.gl/fbAQLP

exports[`component/Common/LoadingPage should render correctly 1`] = `ShallowWrapper {}`;
