// Jest Snapshot v1, https://goo.gl/fbAQLP

exports[`component/Common/ModifyButton should render correctly 1`] = `ShallowWrapper {}`;
