// Jest Snapshot v1, https://goo.gl/fbAQLP

exports[`component/NotFoundPage should render correctly 1`] = `ShallowWrapper {}`;
