// Jest Snapshot v1, https://goo.gl/fbAQLP

exports[`component/Header should render correctly 1`] = `ShallowWrapper {}`;
