// Jest Snapshot v1, https://goo.gl/fbAQLP

exports[`component/ModalContainer should render correctly 1`] = `ShallowWrapper {}`;

exports[`component/ModalContainer should render correctly 2`] = `ShallowWrapper {}`;

exports[`component/ModalContainer should render correctly 3`] = `ShallowWrapper {}`;

exports[`component/ModalContainer should render correctly 4`] = `ShallowWrapper {}`;

exports[`component/ModalContainer should render correctly 5`] = `ShallowWrapper {}`;

exports[`component/ModalContainer should render correctly 6`] = `ShallowWrapper {}`;

exports[`component/ModalContainer should render correctly 7`] = `ShallowWrapper {}`;
