// Jest Snapshot v1, https://goo.gl/fbAQLP

exports[`component/Category/ItemPagination should render correctly 1`] = `ShallowWrapper {}`;

exports[`component/Category/ItemPagination should render correctly 2`] = `ShallowWrapper {}`;
